20.0.39.0 - - [12/May/2023:00:01:22 +0200] "GET /.env HTTP/1.1" 300 492 footstools.de "-" "Mozilla/5.0 (Macintosh; Intel Mac OS X 10.15; rv:77.0) Gecko/20100101 Firefox/77.0" "-"
81.88.49.0 - - [12/May/2023:00:21:31 +0200] "GET /wordpress/ HTTP/1.1" 404 1271 footstools.de "-" "-" "-"
54.36.149.0 - - [12/May/2023:00:22:06 +0200] "GET /stoffe/beige/Amrum.html HTTP/1.1" 301 256 www.footstools.de "-" "Mozilla/5.0 (compatible; AhrefsBot/7.0; +http://ahrefs.com/robot/)" "-"
85.25.185.0 - - [12/May/2023:00:43:48 +0200] "GET /robots.txt HTTP/1.1" 404 1271 www.footstools.de "-" "Mozilla/5.0 (Macintosh; Intel Mac OS X 10.15; rv:103.0) Gecko/20100101 Firefox/103.0" "-"
85.25.185.0 - - [12/May/2023:00:43:48 +0200] "GET /country/astor.html HTTP/1.1" 200 4450 www.footstools.de "-" "Mozilla/5.0 (Macintosh; Intel Mac OS X 10.15; rv:103.0) Gecko/20100101 Firefox/103.0" "-"
54.36.149.0 - - [12/May/2023:01:04:00 +0200] "GET /stoffe/beige/Native.html HTTP/1.1" 301 257 www.footstools.de "-" "Mozilla/5.0 (compatible; AhrefsBot/7.0; +http://ahrefs.com/robot/)" "-"
85.25.185.0 - - [12/May/2023:01:06:15 +0200] "GET /robots.txt HTTP/1.1" 404 1271 www.footstools.de "-" "Mozilla/5.0 (Macintosh; Intel Mac OS X 10.15; rv:103.0) Gecko/20100101 Firefox/103.0" "-"
85.25.185.0 - - [12/May/2023:01:06:15 +0200] "GET /country/countrygreen.html HTTP/1.1" 200 4466 www.footstools.de "-" "Mozilla/5.0 (Macintosh; Intel Mac OS X 10.15; rv:103.0) Gecko/20100101 Firefox/103.0" "-"
3.21.205.0 - - [12/May/2023:01:19:09 +0200] "GET /wp-content/updates.php HTTP/1.1" 404 1271 footstools.de "www.google.com" "Mozlila/5.0 (Linux; Android 7.0; SM-G892A Bulid/NRD90M; wv) AppleWebKit/537.36 (KHTML, like Gecko) Version/4.0 Chrome/60.0.3112.107 Moblie Safari/537.36" "-"
114.119.144.0 - - [12/May/2023:01:21:27 +0200] "GET /stoffe/beige/pablo.html HTTP/1.1" 200 4461 www.footstools.de "http://www.footstools.de/stoffe/beige.html" "Mozilla/5.0 (Linux; Android 7.0;) AppleWebKit/537.36 (KHTML, like Gecko) Mobile Safari/537.36 (compatible; PetalBot;+https://webmaster.petalsearch.com/site/petalbot)" "-"
85.25.185.0 - - [12/May/2023:01:21:42 +0200] "GET /robots.txt HTTP/1.1" 404 1271 www.footstools.de "-" "Mozilla/5.0 (Macintosh; Intel Mac OS X 10.15; rv:103.0) Gecko/20100101 Firefox/103.0" "-"
85.25.185.0 - - [12/May/2023:01:21:42 +0200] "GET /country/Astor.html HTTP/1.1" 301 251 www.footstools.de "-" "Mozilla/5.0 (Macintosh; Intel Mac OS X 10.15; rv:103.0) Gecko/20100101 Firefox/103.0" "-"
85.25.185.0 - - [12/May/2023:01:28:51 +0200] "GET /robots.txt HTTP/1.1" 404 1271 www.footstools.de "-" "Mozilla/5.0 (Macintosh; Intel Mac OS X 10.15; rv:103.0) Gecko/20100101 Firefox/103.0" "-"
85.25.185.0 - - [12/May/2023:01:28:51 +0200] "GET /country/gerald.html HTTP/1.1" 200 4454 www.footstools.de "-" "Mozilla/5.0 (Macintosh; Intel Mac OS X 10.15; rv:103.0) Gecko/20100101 Firefox/103.0" "-"
51.222.253.0 - - [12/May/2023:01:43:23 +0200] "GET /robots.txt HTTP/1.1" 404 1271 footstools.de "-" "Mozilla/5.0 (compatible; AhrefsBot/7.0; +http://ahrefs.com/robot/)" "-"
54.36.148.0 - - [12/May/2023:01:43:24 +0200] "GET /city/barbados.html HTTP/1.1" 200 4558 footstools.de "-" "Mozilla/5.0 (compatible; AhrefsBot/7.0; +http://ahrefs.com/robot/)" "-"
54.36.149.0 - - [12/May/2023:01:43:26 +0200] "GET /grafik/footer.jpg HTTP/1.1" 200 263 footstools.de "-" "Mozilla/5.0 (compatible; AhrefsBot/7.0; +http://ahrefs.com/robot/)" "-"
54.36.149.0 - - [12/May/2023:01:43:26 +0200] "GET /images/city/city-maxi/barbados.jpg HTTP/1.1" 200 178694 footstools.de "-" "Mozilla/5.0 (compatible; AhrefsBot/7.0; +http://ahrefs.com/robot/)" "-"
54.36.148.0 - - [12/May/2023:01:43:26 +0200] "GET /images/monogramm-mini.jpg HTTP/1.1" 200 150957 footstools.de "-" "Mozilla/5.0 (compatible; AhrefsBot/7.0; +http://ahrefs.com/robot/)" "-"
54.36.149.0 - - [12/May/2023:01:43:27 +0200] "GET /images/country-mini.jpg HTTP/1.1" 200 3097 footstools.de "-" "Mozilla/5.0 (compatible; AhrefsBot/7.0; +http://ahrefs.com/robot/)" "-"
54.36.149.0 - - [12/May/2023:01:43:27 +0200] "GET /images/stoffe-mini.jpg HTTP/1.1" 200 3259 footstools.de "-" "Mozilla/5.0 (compatible; AhrefsBot/7.0; +http://ahrefs.com/robot/)" "-"
54.36.149.0 - - [12/May/2023:01:43:27 +0200] "GET /grafik/mail-button-oben.jpg HTTP/1.1" 200 1942 footstools.de "-" "Mozilla/5.0 (compatible; AhrefsBot/7.0; +http://ahrefs.com/robot/)" "-"
54.36.149.0 - - [12/May/2023:01:43:28 +0200] "GET /grafik/verlauf.gif HTTP/1.1" 200 276 footstools.de "-" "Mozilla/5.0 (compatible; AhrefsBot/7.0; +http://ahrefs.com/robot/)" "-"
54.36.148.0 - - [12/May/2023:01:43:28 +0200] "GET /images/city/city-maxi/barbados2.jpg HTTP/1.1" 200 227310 footstools.de "-" "Mozilla/5.0 (compatible; AhrefsBot/7.0; +http://ahrefs.com/robot/)" "-"
54.36.148.0 - - [12/May/2023:01:43:28 +0200] "GET /grafik/mail-button.jpg HTTP/1.1" 200 2259 footstools.de "-" "Mozilla/5.0 (compatible; AhrefsBot/7.0; +http://ahrefs.com/robot/)" "-"
54.36.148.0 - - [12/May/2023:01:43:28 +0200] "GET /images/city-mini.jpg HTTP/1.1" 200 5206 footstools.de "-" "Mozilla/5.0 (compatible; AhrefsBot/7.0; +http://ahrefs.com/robot/)" "-"
54.36.149.0 - - [12/May/2023:01:43:28 +0200] "GET /images/ringe-mini.jpg HTTP/1.1" 200 5123 footstools.de "-" "Mozilla/5.0 (compatible; AhrefsBot/7.0; +http://ahrefs.com/robot/)" "-"
85.25.185.0 - - [12/May/2023:01:46:13 +0200] "GET /robots.txt HTTP/1.1" 404 1271 www.footstools.de "-" "Mozilla/5.0 (Macintosh; Intel Mac OS X 10.15; rv:103.0) Gecko/20100101 Firefox/103.0" "-"
85.25.185.0 - - [12/May/2023:01:46:13 +0200] "GET /country/toskana.html HTTP/1.1" 200 4409 www.footstools.de "-" "Mozilla/5.0 (Macintosh; Intel Mac OS X 10.15; rv:103.0) Gecko/20100101 Firefox/103.0" "-"
85.25.185.0 - - [12/May/2023:01:53:55 +0200] "GET /robots.txt HTTP/1.1" 404 1271 www.footstools.de "-" "Mozilla/5.0 (Macintosh; Intel Mac OS X 10.15; rv:103.0) Gecko/20100101 Firefox/103.0" "-"
85.25.185.0 - - [12/May/2023:01:53:55 +0200] "GET /country/maxim.html HTTP/1.1" 200 4423 www.footstools.de "-" "Mozilla/5.0 (Macintosh; Intel Mac OS X 10.15; rv:103.0) Gecko/20100101 Firefox/103.0" "-"
85.25.185.0 - - [12/May/2023:01:58:47 +0200] "GET /robots.txt HTTP/1.1" 404 1271 www.footstools.de "-" "Mozilla/5.0 (Macintosh; Intel Mac OS X 10.15; rv:103.0) Gecko/20100101 Firefox/103.0" "-"
85.25.185.0 - - [12/May/2023:01:58:47 +0200] "GET /country/emporio.html HTTP/1.1" 200 4529 www.footstools.de "-" "Mozilla/5.0 (Macintosh; Intel Mac OS X 10.15; rv:103.0) Gecko/20100101 Firefox/103.0" "-"
85.25.185.0 - - [12/May/2023:02:06:29 +0200] "GET /robots.txt HTTP/1.1" 404 1271 www.footstools.de "-" "Mozilla/5.0 (Macintosh; Intel Mac OS X 10.15; rv:103.0) Gecko/20100101 Firefox/103.0" "-"
85.25.185.0 - - [12/May/2023:02:06:29 +0200] "GET /country/blueoasis.html HTTP/1.1" 200 4461 www.footstools.de "-" "Mozilla/5.0 (Macintosh; Intel Mac OS X 10.15; rv:103.0) Gecko/20100101 Firefox/103.0" "-"
114.119.144.0 - - [12/May/2023:02:17:41 +0200] "GET /stoffe/rot/burgundy.html HTTP/1.1" 200 4458 footstools.de "http://footstools.de/stoffe/rot.html" "Mozilla/5.0 (Linux; Android 7.0;) AppleWebKit/537.36 (KHTML, like Gecko) Mobile Safari/537.36 (compatible; PetalBot;+https://webmaster.petalsearch.com/site/petalbot)" "-"
85.25.185.0 - - [12/May/2023:02:19:11 +0200] "GET /robots.txt HTTP/1.1" 404 1271 www.footstools.de "-" "Mozilla/5.0 (Macintosh; Intel Mac OS X 10.15; rv:103.0) Gecko/20100101 Firefox/103.0" "-"
85.25.185.0 - - [12/May/2023:02:19:11 +0200] "GET /country/elet.html HTTP/1.1" 200 4515 www.footstools.de "-" "Mozilla/5.0 (Macintosh; Intel Mac OS X 10.15; rv:103.0) Gecko/20100101 Firefox/103.0" "-"
54.36.149.0 - - [12/May/2023:02:27:02 +0200] "GET /country/countrygreen.html HTTP/1.1" 200 4466 footstools.de "-" "Mozilla/5.0 (compatible; AhrefsBot/7.0; +http://ahrefs.com/robot/)" "-"
54.36.148.0 - - [12/May/2023:02:27:03 +0200] "GET /images/country/country-maxi/countrygreen.jpg HTTP/1.1" 200 166012 footstools.de "-" "Mozilla/5.0 (compatible; AhrefsBot/7.0; +http://ahrefs.com/robot/)" "-"
114.119.146.0 - - [12/May/2023:02:35:20 +0200] "GET /city/kissafrog.html HTTP/1.1" 200 4433 footstools.de "http://footstools.de/city-forum.html" "Mozilla/5.0 (Linux; Android 7.0;) AppleWebKit/537.36 (KHTML, like Gecko) Mobile Safari/537.36 (compatible; PetalBot;+https://webmaster.petalsearch.com/site/petalbot)" "-"
85.25.185.0 - - [12/May/2023:02:40:31 +0200] "GET /robots.txt HTTP/1.1" 404 1271 www.footstools.de "-" "Mozilla/5.0 (Macintosh; Intel Mac OS X 10.15; rv:103.0) Gecko/20100101 Firefox/103.0" "-"
85.25.185.0 - - [12/May/2023:02:40:31 +0200] "GET /country/avignon.html HTTP/1.1" 200 4413 www.footstools.de "-" "Mozilla/5.0 (Macintosh; Intel Mac OS X 10.15; rv:103.0) Gecko/20100101 Firefox/103.0" "-"
85.25.185.0 - - [12/May/2023:02:51:09 +0200] "GET /robots.txt HTTP/1.1" 404 1271 www.footstools.de "-" "Mozilla/5.0 (Macintosh; Intel Mac OS X 10.15; rv:103.0) Gecko/20100101 Firefox/103.0" "-"
85.25.185.0 - - [12/May/2023:02:51:09 +0200] "GET /country/mambob.html HTTP/1.1" 200 4480 www.footstools.de "-" "Mozilla/5.0 (Macintosh; Intel Mac OS X 10.15; rv:103.0) Gecko/20100101 Firefox/103.0" "-"
85.25.185.0 - - [12/May/2023:03:02:37 +0200] "GET /robots.txt HTTP/1.1" 404 1271 www.footstools.de "-" "Mozilla/5.0 (Macintosh; Intel Mac OS X 10.15; rv:103.0) Gecko/20100101 Firefox/103.0" "-"
54.36.148.0 - - [12/May/2023:03:15:08 +0200] "GET / HTTP/1.1" 200 4799 footstools.de "-" "Mozilla/5.0 (compatible; AhrefsBot/7.0; +http://ahrefs.com/robot/)" "-"
120.24.108.0 - - [12/May/2023:03:25:53 +0200] "GET /wp-login.php HTTP/1.1" 404 1271 footstools.de "-" "Mozilla/5.0 (Windows NT 10.0; Win64; x64; rv:96.0) Gecko/20100101 Firefox/96" "-"
85.25.185.0 - - [12/May/2023:03:26:02 +0200] "GET /robots.txt HTTP/1.1" 404 1271 www.footstools.de "-" "Mozilla/5.0 (Macintosh; Intel Mac OS X 10.15; rv:103.0) Gecko/20100101 Firefox/103.0" "-"
85.25.185.0 - - [12/May/2023:03:26:02 +0200] "GET /signature/florentine.html HTTP/1.1" 200 4619 www.footstools.de "-" "Mozilla/5.0 (Macintosh; Intel Mac OS X 10.15; rv:103.0) Gecko/20100101 Firefox/103.0" "-"
85.25.185.0 - - [12/May/2023:03:35:22 +0200] "GET /robots.txt HTTP/1.1" 404 1271 www.footstools.de "-" "Mozilla/5.0 (Macintosh; Intel Mac OS X 10.15; rv:103.0) Gecko/20100101 Firefox/103.0" "-"
85.25.185.0 - - [12/May/2023:03:35:22 +0200] "GET /stoffe/maritim.html HTTP/1.1" 200 5299 www.footstools.de "-" "Mozilla/5.0 (Macintosh; Intel Mac OS X 10.15; rv:103.0) Gecko/20100101 Firefox/103.0" "-"
85.25.185.0 - - [12/May/2023:03:40:54 +0200] "GET /stoffe/pferde.html HTTP/1.1" 200 5556 www.footstools.de "-" "Mozilla/5.0 (Macintosh; Intel Mac OS X 10.15; rv:103.0) Gecko/20100101 Firefox/103.0" "-"
85.25.185.0 - - [12/May/2023:04:10:56 +0200] "GET /robots.txt HTTP/1.1" 404 1271 www.footstools.de "-" "Mozilla/5.0 (Macintosh; Intel Mac OS X 10.15; rv:103.0) Gecko/20100101 Firefox/103.0" "-"
85.25.185.0 - - [12/May/2023:04:10:56 +0200] "GET /hussen.html HTTP/1.1" 200 5181 www.footstools.de "-" "Mozilla/5.0 (Macintosh; Intel Mac OS X 10.15; rv:103.0) Gecko/20100101 Firefox/103.0" "-"
114.119.138.0 - - [12/May/2023:04:11:15 +0200] "GET /stoffe/maritim.html HTTP/1.1" 200 5299 www.footstools.de "http://www.footstools.de/stoffe-uebersicht.html" "Mozilla/5.0 (Linux; Android 7.0;) AppleWebKit/537.36 (KHTML, like Gecko) Mobile Safari/537.36 (compatible; PetalBot;+https://webmaster.petalsearch.com/site/petalbot)" "-"
114.119.140.0 - - [12/May/2023:04:12:56 +0200] "GET /city/patrick.html HTTP/1.1" 200 4451 www.footstools.de "http://www.footstools.de/city-forum.html" "Mozilla/5.0 (Linux; Android 7.0;) AppleWebKit/537.36 (KHTML, like Gecko) Mobile Safari/537.36 (compatible; PetalBot;+https://webmaster.petalsearch.com/site/petalbot)" "-"
65.108.41.0 - - [12/May/2023:04:14:37 +0200] "GET /robots.txt HTTP/1.1" 404 1271 footstools.de "-" "Mozilla/5.0 (compatible; MJ12bot/v1.4.8; http://mj12bot.com/)" "-"
65.108.41.0 - - [12/May/2023:04:14:42 +0200] "GET /aktuelles.html HTTP/1.1" 200 5979 footstools.de "-" "Mozilla/5.0 (compatible; MJ12bot/v1.4.8; http://mj12bot.com/)" "-"
65.108.41.0 - - [12/May/2023:04:14:49 +0200] "GET /footstools.html HTTP/1.1" 200 5622 footstools.de "-" "Mozilla/5.0 (compatible; MJ12bot/v1.4.8; http://mj12bot.com/)" "-"
65.108.41.0 - - [12/May/2023:04:14:56 +0200] "GET /keilkissen.html HTTP/1.1" 200 6459 footstools.de "-" "Mozilla/5.0 (compatible; MJ12bot/v1.4.8; http://mj12bot.com/)" "-"
65.108.41.0 - - [12/May/2023:04:15:06 +0200] "GET /stoffe-uebersicht.html HTTP/1.1" 200 6283 footstools.de "-" "Mozilla/5.0 (compatible; MJ12bot/v1.4.8; http://mj12bot.com/)" "-"
54.36.148.0 - - [12/May/2023:04:25:39 +0200] "GET /stoffe/jagd/jungle_silk.html HTTP/1.1" 200 4487 www.footstools.de "-" "Mozilla/5.0 (compatible; AhrefsBot/7.0; +http://ahrefs.com/robot/)" "-"
54.36.149.0 - - [12/May/2023:04:25:45 +0200] "GET /images/stoffe/jagd/jagd-maxi/jungle_silk.jpg HTTP/1.1" 200 80422 www.footstools.de "-" "Mozilla/5.0 (compatible; AhrefsBot/7.0; +http://ahrefs.com/robot/)" "-"
85.25.185.0 - - [12/May/2023:04:26:30 +0200] "GET /robots.txt HTTP/1.1" 404 1271 www.footstools.de "-" "Mozilla/5.0 (Macintosh; Intel Mac OS X 10.15; rv:103.0) Gecko/20100101 Firefox/103.0" "-"
85.25.185.0 - - [12/May/2023:04:26:30 +0200] "GET /stoffe/jagd.html HTTP/1.1" 200 8531 www.footstools.de "-" "Mozilla/5.0 (Macintosh; Intel Mac OS X 10.15; rv:103.0) Gecko/20100101 Firefox/103.0" "-"
114.119.135.0 - - [12/May/2023:04:30:25 +0200] "GET /signature.html HTTP/1.1" 300 555 footstools.de "http://footstools.de/signature/florentine.html" "Mozilla/5.0 (Linux; Android 7.0;) AppleWebKit/537.36 (KHTML, like Gecko) Mobile Safari/537.36 (compatible; PetalBot;+https://webmaster.petalsearch.com/site/petalbot)" "-"
114.119.159.0 - - [12/May/2023:04:41:15 +0200] "GET /pictures/pictures%20stoffe/hamilton_klein.jpg HTTP/1.1" 200 38786 www.footstools.de "http://www.footstools.de/Seiten/stoffe3.htm" "Mozilla/5.0 (Linux; Android 7.0;) AppleWebKit/537.36 (KHTML, like Gecko) Mobile Safari/537.36 (compatible; PetalBot;+https://webmaster.petalsearch.com/site/petalbot)" "-"
212.227.216.0 - - [12/May/2023:04:50:01 +0200] "GET / HTTP/1.1" 200 4799 www.footstools.de "-" "Mozilla/5.0 (Windows NT 10.0; Win64; x64) AppleWebKit/537.36 (KHTML, like Gecko) Chrome/79.0.3945.130 Safari/537.36" "-"
212.227.216.0 - - [12/May/2023:04:50:01 +0200] "HEAD /impressum.html HTTP/1.1" 200 - www.footstools.de "-" "Java/1.8.0_362" "-"
212.227.216.0 - - [12/May/2023:04:50:01 +0200] "GET / HTTP/1.1" 200 4799 www.footstools.de "-" "Mozilla/5.0 (Windows NT 10.0; Win64; x64) AppleWebKit/537.36 (KHTML, like Gecko) Chrome/79.0.3945.130 Safari/537.36" "-"
85.25.185.0 - - [12/May/2023:04:57:48 +0200] "GET /robots.txt HTTP/1.1" 404 1271 www.footstools.de "-" "Mozilla/5.0 (Macintosh; Intel Mac OS X 10.15; rv:103.0) Gecko/20100101 Firefox/103.0" "-"
85.25.185.0 - - [12/May/2023:04:57:48 +0200] "GET /stoffe/beige.html HTTP/1.1" 200 11108 www.footstools.de "-" "Mozilla/5.0 (Macintosh; Intel Mac OS X 10.15; rv:103.0) Gecko/20100101 Firefox/103.0" "-"
114.119.135.0 - - [12/May/2023:05:01:48 +0200] "GET /impressum.html HTTP/1.1" 200 4658 www.footstools.de "http://www.footstools.de/stoffe-uebersicht.html" "Mozilla/5.0 (Linux; Android 7.0;) AppleWebKit/537.36 (KHTML, like Gecko) Mobile Safari/537.36 (compatible; PetalBot;+https://webmaster.petalsearch.com/site/petalbot)" "-"
162.19.145.0 - - [12/May/2023:05:02:49 +0200] "GET /country-line.html HTTP/1.1" 200 14552 www.footstools.de "-" "-" "-"
114.119.146.0 - - [12/May/2023:05:03:04 +0200] "GET /city/felix.html HTTP/1.1" 200 4344 footstools.de "http://footstools.de/city-forum.html" "Mozilla/5.0 (Linux; Android 7.0;) AppleWebKit/537.36 (KHTML, like Gecko) Mobile Safari/537.36 (compatible; PetalBot;+https://webmaster.petalsearch.com/site/petalbot)" "-"
54.36.148.0 - - [12/May/2023:05:24:19 +0200] "GET /city/charlotte.html HTTP/1.1" 200 4561 footstools.de "-" "Mozilla/5.0 (compatible; AhrefsBot/7.0; +http://ahrefs.com/robot/)" "-"
54.36.148.0 - - [12/May/2023:05:24:23 +0200] "GET /images/city/city-maxi/charlotte2.jpg HTTP/1.1" 200 274249 footstools.de "-" "Mozilla/5.0 (compatible; AhrefsBot/7.0; +http://ahrefs.com/robot/)" "-"
54.36.149.0 - - [12/May/2023:05:24:23 +0200] "GET /images/city/city-maxi/charlotte.jpg HTTP/1.1" 200 205567 footstools.de "-" "Mozilla/5.0 (compatible; AhrefsBot/7.0; +http://ahrefs.com/robot/)" "-"
114.119.154.0 - - [12/May/2023:05:34:34 +0200] "GET /Seiten/single/stoffe/chester.htm HTTP/1.1" 200 1268 www.footstools.de "http://www.footstools.de/Seiten/stoff-galerie.htm" "Mozilla/5.0 (Linux; Android 7.0;) AppleWebKit/537.36 (KHTML, like Gecko) Mobile Safari/537.36 (compatible; PetalBot;+https://webmaster.petalsearch.com/site/petalbot)" "-"
93.124.36.0 - - [12/May/2023:05:44:07 +0200] "GET /city-forum.html HTTP/1.1" 200 23723 www.footstools.de "-" "Mozilla/5.0 (Windows NT 6.3; Win64; x64) AppleWebKit/537.36 (KHTML, like Gecko) Chrome/75.0.3770.100 Safari/537.36" "-"
85.25.185.0 - - [12/May/2023:05:53:28 +0200] "GET /robots.txt HTTP/1.1" 404 1271 www.footstools.de "-" "Mozilla/5.0 (Macintosh; Intel Mac OS X 10.15; rv:103.0) Gecko/20100101 Firefox/103.0" "-"
85.25.185.0 - - [12/May/2023:05:53:28 +0200] "GET /stoffe/rot.html HTTP/1.1" 200 9945 www.footstools.de "-" "Mozilla/5.0 (Macintosh; Intel Mac OS X 10.15; rv:103.0) Gecko/20100101 Firefox/103.0" "-"
188.34.158.0 - - [12/May/2023:05:54:32 +0200] "GET / HTTP/1.1" 200 4799 footstools.de "-" "Mozilla/5.0 (Macintosh; Intel Mac OS X 10_15_7) AppleWebKit/537.36 (KHTML, like Gecko) Chrome/108.0.0.0 Safari/537.36" "-"
54.78.105.0 - - [12/May/2023:05:57:30 +0200] "GET /robots.txt HTTP/1.1" 404 1271 www.footstools.de "http://hochzeitsbank.de/robots.txt" "Mozilla/5.0 (Macintosh; Intel Mac OS X 10_15_5) AppleWebKit/537.36 (KHTML, like Gecko) Chrome/83.0.4103.61 Safari/537.36" "-"
54.78.105.0 - - [12/May/2023:05:57:33 +0200] "GET / HTTP/1.1" 200 4799 www.footstools.de "http://hochzeitsbank.de/" "Mozilla/5.0 (Macintosh; Intel Mac OS X 10_15_5) AppleWebKit/537.36 (KHTML, like Gecko) Chrome/83.0.4103.61 Safari/537.36" "-"
46.51.151.0 - - [12/May/2023:06:06:41 +0200] "GET / HTTP/1.1" 200 4799 footstools.de "-" "Mozilla/5.0 (Macintosh; Intel Mac OS X 10.15; rv:81.0) Gecko/20100101 Firefox/81.0" "-"
114.119.148.0 - - [12/May/2023:06:12:38 +0200] "GET /city/mambob.html HTTP/1.1" 200 4561 footstools.de "http://footstools.de/city-forum.html" "Mozilla/5.0 (Linux; Android 7.0;) AppleWebKit/537.36 (KHTML, like Gecko) Mobile Safari/537.36 (compatible; PetalBot;+https://webmaster.petalsearch.com/site/petalbot)" "-"
54.36.149.0 - - [12/May/2023:06:23:47 +0200] "GET /country/emporio.html HTTP/1.1" 200 4529 footstools.de "-" "Mozilla/5.0 (compatible; AhrefsBot/7.0; +http://ahrefs.com/robot/)" "-"
85.25.185.0 - - [12/May/2023:06:27:43 +0200] "GET /robots.txt HTTP/1.1" 404 1271 www.footstools.de "-" "Mozilla/5.0 (Macintosh; Intel Mac OS X 10.15; rv:103.0) Gecko/20100101 Firefox/103.0" "-"
85.25.185.0 - - [12/May/2023:06:27:43 +0200] "GET /stoffe/blau/tiger_smoky_green.html HTTP/1.1" 200 4387 www.footstools.de "-" "Mozilla/5.0 (Macintosh; Intel Mac OS X 10.15; rv:103.0) Gecko/20100101 Firefox/103.0" "-"
66.249.64.0 - - [12/May/2023:06:29:10 +0200] "GET /robots.txt HTTP/1.1" 404 1271 www.footstools.de "-" "Mozilla/5.0 (compatible; Googlebot/2.1; +http://www.google.com/bot.html)" "-"
66.249.64.0 - - [12/May/2023:06:29:16 +0200] "GET /city/hochzeitshusse.html HTTP/1.1" 304 - www.footstools.de "-" "Mozilla/5.0 (Linux; Android 6.0.1; Nexus 5X Build/MMB29P) AppleWebKit/537.36 (KHTML, like Gecko) Chrome/113.0.5672.92 Mobile Safari/537.36 (compatible; Googlebot/2.1; +http://www.google.com/bot.html)" "-"
114.119.130.0 - - [12/May/2023:06:31:54 +0200] "GET /stoffe/jagd/kent.html HTTP/1.1" 200 4356 www.footstools.de "http://www.footstools.de/stoffe/jagd.html" "Mozilla/5.0 (Linux; Android 7.0;) AppleWebKit/537.36 (KHTML, like Gecko) Mobile Safari/537.36 (compatible; PetalBot;+https://webmaster.petalsearch.com/site/petalbot)" "-"
52.167.144.0 - - [12/May/2023:06:33:17 +0200] "GET /stoffe/jagd/mainau.html HTTP/1.1" 200 4379 www.footstools.de "-" "Mozilla/5.0 AppleWebKit/537.36 (KHTML, like Gecko; compatible; bingbot/2.0; +http://www.bing.com/bingbot.htm) Chrome/103.0.5060.134 Safari/537.36" "-"
114.119.130.0 - - [12/May/2023:06:34:19 +0200] "GET /signature/florentine.html HTTP/1.1" 200 4619 www.footstools.de "http://www.footstools.de/signature-edition.html" "Mozilla/5.0 (Linux; Android 7.0;) AppleWebKit/537.36 (KHTML, like Gecko) Mobile Safari/537.36 (compatible; PetalBot;+https://webmaster.petalsearch.com/site/petalbot)" "-"
85.25.185.0 - - [12/May/2023:06:56:32 +0200] "GET /robots.txt HTTP/1.1" 404 1271 www.footstools.de "-" "Mozilla/5.0 (Macintosh; Intel Mac OS X 10.15; rv:103.0) Gecko/20100101 Firefox/103.0" "-"
85.25.185.0 - - [12/May/2023:06:56:32 +0200] "GET /stoffe/blau/alex.html HTTP/1.1" 301 254 www.footstools.de "-" "Mozilla/5.0 (Macintosh; Intel Mac OS X 10.15; rv:103.0) Gecko/20100101 Firefox/103.0" "-"
114.119.157.0 - - [12/May/2023:07:00:20 +0200] "GET /Seiten/versand-e.htm HTTP/1.1" 200 2434 www.footstools.de "-" "Mozilla/5.0 (Linux; Android 7.0;) AppleWebKit/537.36 (KHTML, like Gecko) Mobile Safari/537.36 (compatible; PetalBot;+https://webmaster.petalsearch.com/site/petalbot)" "-"
85.25.185.0 - - [12/May/2023:07:04:01 +0200] "GET /robots.txt HTTP/1.1" 404 1271 www.footstools.de "-" "Mozilla/5.0 (Macintosh; Intel Mac OS X 10.15; rv:103.0) Gecko/20100101 Firefox/103.0" "-"
85.25.185.0 - - [12/May/2023:07:04:02 +0200] "GET /stoffe/blau/deer_hunter.html HTTP/1.1" 200 4381 www.footstools.de "-" "Mozilla/5.0 (Macintosh; Intel Mac OS X 10.15; rv:103.0) Gecko/20100101 Firefox/103.0" "-"
85.25.185.0 - - [12/May/2023:07:09:21 +0200] "GET /stoffe/blau/red_star_denim.html HTTP/1.1" 200 4498 www.footstools.de "-" "Mozilla/5.0 (Macintosh; Intel Mac OS X 10.15; rv:103.0) Gecko/20100101 Firefox/103.0" "-"
85.25.185.0 - - [12/May/2023:07:19:01 +0200] "GET /robots.txt HTTP/1.1" 404 1271 www.footstools.de "-" "Mozilla/5.0 (Macintosh; Intel Mac OS X 10.15; rv:103.0) Gecko/20100101 Firefox/103.0" "-"
85.25.185.0 - - [12/May/2023:07:19:01 +0200] "GET /stoffe/blau/sienna.html HTTP/1.1" 200 4365 www.footstools.de "-" "Mozilla/5.0 (Macintosh; Intel Mac OS X 10.15; rv:103.0) Gecko/20100101 Firefox/103.0" "-"
114.119.133.0 - - [12/May/2023:07:24:20 +0200] "GET /country/avignon.html HTTP/1.1" 200 4413 www.footstools.de "http://www.footstools.de/country-line.html" "Mozilla/5.0 (Linux; Android 7.0;) AppleWebKit/537.36 (KHTML, like Gecko) Mobile Safari/537.36 (compatible; PetalBot;+https://webmaster.petalsearch.com/site/petalbot)" "-"
85.25.185.0 - - [12/May/2023:07:25:25 +0200] "GET /stoffe/blau/cheetah.html HTTP/1.1" 200 4477 www.footstools.de "-" "Mozilla/5.0 (Macintosh; Intel Mac OS X 10.15; rv:103.0) Gecko/20100101 Firefox/103.0" "-"
40.77.167.0 - - [12/May/2023:07:26:13 +0200] "GET /stoffe/jagd.html HTTP/1.1" 200 8531 www.footstools.de "-" "Mozilla/5.0 AppleWebKit/537.36 (KHTML, like Gecko; compatible; bingbot/2.0; +http://www.bing.com/bingbot.htm) Chrome/103.0.5060.134 Safari/537.36" "-"
114.119.159.0 - - [12/May/2023:07:30:48 +0200] "GET /Seiten/Husse.htm HTTP/1.1" 200 6049 www.footstools.de "http://www.footstools.de/Seiten/Kamin.htm" "Mozilla/5.0 (Linux; Android 7.0;) AppleWebKit/537.36 (KHTML, like Gecko) Mobile Safari/537.36 (compatible; PetalBot;+https://webmaster.petalsearch.com/site/petalbot)" "-"
85.25.185.0 - - [12/May/2023:07:31:38 +0200] "GET /stoffe/blau/safari.html HTTP/1.1" 200 4351 www.footstools.de "-" "Mozilla/5.0 (Macintosh; Intel Mac OS X 10.15; rv:103.0) Gecko/20100101 Firefox/103.0" "-"
85.25.185.0 - - [12/May/2023:07:48:31 +0200] "GET /robots.txt HTTP/1.1" 404 1271 www.footstools.de "-" "Mozilla/5.0 (Macintosh; Intel Mac OS X 10.15; rv:103.0) Gecko/20100101 Firefox/103.0" "-"
85.25.185.0 - - [12/May/2023:07:48:31 +0200] "GET /stoffe/blau/marcopolo.html HTTP/1.1" 200 4484 www.footstools.de "-" "Mozilla/5.0 (Macintosh; Intel Mac OS X 10.15; rv:103.0) Gecko/20100101 Firefox/103.0" "-"
114.119.146.0 - - [12/May/2023:07:49:06 +0200] "GET /city/lilian.html HTTP/1.1" 200 4550 footstools.de "http://footstools.de/city-forum.html" "Mozilla/5.0 (Linux; Android 7.0;) AppleWebKit/537.36 (KHTML, like Gecko) Mobile Safari/537.36 (compatible; PetalBot;+https://webmaster.petalsearch.com/site/petalbot)" "-"
114.119.154.0 - - [12/May/2023:08:05:33 +0200] "GET /Seiten/single/stoffe/sentennial.htm HTTP/1.1" 200 1386 www.footstools.de "http://www.footstools.de/Seiten/stoff-galerie.htm" "Mozilla/5.0 (Linux; Android 7.0;) AppleWebKit/537.36 (KHTML, like Gecko) Mobile Safari/537.36 (compatible; PetalBot;+https://webmaster.petalsearch.com/site/petalbot)" "-"
114.119.147.0 - - [12/May/2023:08:06:37 +0200] "GET /country/oldindiadark_bank.html HTTP/1.1" 200 4372 footstools.de "-" "Mozilla/5.0 (Linux; Android 7.0;) AppleWebKit/537.36 (KHTML, like Gecko) Mobile Safari/537.36 (compatible; PetalBot;+https://webmaster.petalsearch.com/site/petalbot)" "-"
85.25.185.0 - - [12/May/2023:08:21:33 +0200] "GET /robots.txt HTTP/1.1" 404 1271 www.footstools.de "-" "Mozilla/5.0 (Macintosh; Intel Mac OS X 10.15; rv:103.0) Gecko/20100101 Firefox/103.0" "-"
85.25.185.0 - - [12/May/2023:08:21:33 +0200] "GET /stoffe/pferde/derby.html HTTP/1.1" 200 4575 www.footstools.de "-" "Mozilla/5.0 (Macintosh; Intel Mac OS X 10.15; rv:103.0) Gecko/20100101 Firefox/103.0" "-"
85.25.185.0 - - [12/May/2023:08:23:51 +0200] "GET /stoffe/blau/avignon.html HTTP/1.1" 200 4481 www.footstools.de "-" "Mozilla/5.0 (Macintosh; Intel Mac OS X 10.15; rv:103.0) Gecko/20100101 Firefox/103.0" "-"
85.25.185.0 - - [12/May/2023:08:44:27 +0200] "GET /robots.txt HTTP/1.1" 404 1271 www.footstools.de "-" "Mozilla/5.0 (Macintosh; Intel Mac OS X 10.15; rv:103.0) Gecko/20100101 Firefox/103.0" "-"
85.25.185.0 - - [12/May/2023:08:44:27 +0200] "GET /stoffe/blau/stockholm.html HTTP/1.1" 301 259 www.footstools.de "-" "Mozilla/5.0 (Macintosh; Intel Mac OS X 10.15; rv:103.0) Gecko/20100101 Firefox/103.0" "-"
85.25.185.0 - - [12/May/2023:08:52:35 +0200] "GET /robots.txt HTTP/1.1" 404 1271 www.footstools.de "-" "Mozilla/5.0 (Macintosh; Intel Mac OS X 10.15; rv:103.0) Gecko/20100101 Firefox/103.0" "-"
85.25.185.0 - - [12/May/2023:08:52:35 +0200] "GET /stoffe/blau/tendergreen.html HTTP/1.1" 200 4376 www.footstools.de "-" "Mozilla/5.0 (Macintosh; Intel Mac OS X 10.15; rv:103.0) Gecko/20100101 Firefox/103.0" "-"
85.25.185.0 - - [12/May/2023:08:52:54 +0200] "GET /stoffe/pferde/astor.html HTTP/1.1" 200 4701 www.footstools.de "-" "Mozilla/5.0 (Macintosh; Intel Mac OS X 10.15; rv:103.0) Gecko/20100101 Firefox/103.0" "-"
85.25.185.0 - - [12/May/2023:09:00:41 +0200] "GET /robots.txt HTTP/1.1" 404 1271 www.footstools.de "-" "Mozilla/5.0 (Macintosh; Intel Mac OS X 10.15; rv:103.0) Gecko/20100101 Firefox/103.0" "-"
85.25.185.0 - - [12/May/2023:09:00:41 +0200] "GET /stoffe/blau/caesar.html HTTP/1.1" 200 4479 www.footstools.de "-" "Mozilla/5.0 (Macintosh; Intel Mac OS X 10.15; rv:103.0) Gecko/20100101 Firefox/103.0" "-"
114.119.132.0 - - [12/May/2023:09:06:05 +0200] "GET /stoffe/rot/mambored.html HTTP/1.1" 200 4452 www.footstools.de "http://www.footstools.de/stoffe/rot.html" "Mozilla/5.0 (Linux; Android 7.0;) AppleWebKit/537.36 (KHTML, like Gecko) Mobile Safari/537.36 (compatible; PetalBot;+https://webmaster.petalsearch.com/site/petalbot)" "-"
85.25.185.0 - - [12/May/2023:09:10:58 +0200] "GET /robots.txt HTTP/1.1" 404 1271 www.footstools.de "-" "Mozilla/5.0 (Macintosh; Intel Mac OS X 10.15; rv:103.0) Gecko/20100101 Firefox/103.0" "-"
85.25.185.0 - - [12/May/2023:09:10:58 +0200] "GET /stoffe/blau/zairee.html HTTP/1.1" 200 4372 www.footstools.de "-" "Mozilla/5.0 (Macintosh; Intel Mac OS X 10.15; rv:103.0) Gecko/20100101 Firefox/103.0" "-"
85.25.185.0 - - [12/May/2023:09:24:22 +0200] "GET /robots.txt HTTP/1.1" 404 1271 www.footstools.de "-" "Mozilla/5.0 (Macintosh; Intel Mac OS X 10.15; rv:103.0) Gecko/20100101 Firefox/103.0" "-"
85.25.185.0 - - [12/May/2023:09:24:22 +0200] "GET /signature.html HTTP/1.1" 300 418 www.footstools.de "-" "Mozilla/5.0 (Macintosh; Intel Mac OS X 10.15; rv:103.0) Gecko/20100101 Firefox/103.0" "-"
114.119.145.0 - - [12/May/2023:09:28:02 +0200] "GET /stoffe/jagd/bigisland.html HTTP/1.1" 200 4498 www.footstools.de "http://www.footstools.de/stoffe/jagd.html" "Mozilla/5.0 (Linux; Android 7.0;) AppleWebKit/537.36 (KHTML, like Gecko) Mobile Safari/537.36 (compatible; PetalBot;+https://webmaster.petalsearch.com/site/petalbot)" "-"
114.119.135.0 - - [12/May/2023:09:28:39 +0200] "GET /stoffe/blau/stockholm.html HTTP/1.1" 301 255 footstools.de "http://footstools.de/stoffe/blau.html" "Mozilla/5.0 (Linux; Android 7.0;) AppleWebKit/537.36 (KHTML, like Gecko) Mobile Safari/537.36 (compatible; PetalBot;+https://webmaster.petalsearch.com/site/petalbot)" "-"
114.119.135.0 - - [12/May/2023:09:28:49 +0200] "GET /stoffe/blau/Stockholm.html HTTP/1.1" 200 4371 footstools.de "http://footstools.de/stoffe/blau.html" "Mozilla/5.0 (Linux; Android 7.0;) AppleWebKit/537.36 (KHTML, like Gecko) Mobile Safari/537.36 (compatible; PetalBot;+https://webmaster.petalsearch.com/site/petalbot)" "-"
85.25.185.0 - - [12/May/2023:09:29:57 +0200] "GET /robots.txt HTTP/1.1" 404 1271 www.footstools.de "-" "Mozilla/5.0 (Macintosh; Intel Mac OS X 10.15; rv:103.0) Gecko/20100101 Firefox/103.0" "-"
85.25.185.0 - - [12/May/2023:09:29:57 +0200] "GET /stoffe/pferde/racingday.html HTTP/1.1" 200 4488 www.footstools.de "-" "Mozilla/5.0 (Macintosh; Intel Mac OS X 10.15; rv:103.0) Gecko/20100101 Firefox/103.0" "-"
85.25.185.0 - - [12/May/2023:10:04:18 +0200] "GET /robots.txt HTTP/1.1" 404 1271 www.footstools.de "-" "Mozilla/5.0 (Macintosh; Intel Mac OS X 10.15; rv:103.0) Gecko/20100101 Firefox/103.0" "-"
85.25.185.0 - - [12/May/2023:10:04:18 +0200] "GET /extras.html HTTP/1.1" 200 5051 www.footstools.de "-" "Mozilla/5.0 (Macintosh; Intel Mac OS X 10.15; rv:103.0) Gecko/20100101 Firefox/103.0" "-"
85.25.185.0 - - [12/May/2023:10:09:09 +0200] "GET /stoffe/maritim/blue_sailing.html HTTP/1.1" 200 4496 www.footstools.de "-" "Mozilla/5.0 (Macintosh; Intel Mac OS X 10.15; rv:103.0) Gecko/20100101 Firefox/103.0" "-"
51.222.253.0 - - [12/May/2023:10:09:49 +0200] "GET /robots.txt HTTP/1.1" 404 1271 www.footstools.de "-" "Mozilla/5.0 (compatible; AhrefsBot/7.0; +http://ahrefs.com/robot/)" "-"
54.36.149.0 - - [12/May/2023:10:09:49 +0200] "GET / HTTP/1.1" 200 4799 www.footstools.de "-" "Mozilla/5.0 (compatible; AhrefsBot/7.0; +http://ahrefs.com/robot/)" "-"
54.36.148.0 - - [12/May/2023:10:09:51 +0200] "GET /images/city-mini.jpg HTTP/1.1" 200 5206 www.footstools.de "-" "Mozilla/5.0 (compatible; AhrefsBot/7.0; +http://ahrefs.com/robot/)" "-"
54.36.149.0 - - [12/May/2023:10:09:52 +0200] "GET /grafik/mail-button.jpg HTTP/1.1" 200 2259 www.footstools.de "-" "Mozilla/5.0 (compatible; AhrefsBot/7.0; +http://ahrefs.com/robot/)" "-"
54.36.148.0 - - [12/May/2023:10:09:52 +0200] "GET /images/country-mini.jpg HTTP/1.1" 200 3097 www.footstools.de "-" "Mozilla/5.0 (compatible; AhrefsBot/7.0; +http://ahrefs.com/robot/)" "-"
54.36.149.0 - - [12/May/2023:10:09:53 +0200] "GET /grafik/footer.jpg HTTP/1.1" 200 263 www.footstools.de "-" "Mozilla/5.0 (compatible; AhrefsBot/7.0; +http://ahrefs.com/robot/)" "-"
54.36.148.0 - - [12/May/2023:10:09:53 +0200] "GET /images/ringe-mini.jpg HTTP/1.1" 200 5123 www.footstools.de "-" "Mozilla/5.0 (compatible; AhrefsBot/7.0; +http://ahrefs.com/robot/)" "-"
54.36.148.0 - - [12/May/2023:10:09:53 +0200] "GET /grafik/verlauf.gif HTTP/1.1" 200 276 www.footstools.de "-" "Mozilla/5.0 (compatible; AhrefsBot/7.0; +http://ahrefs.com/robot/)" "-"
54.36.148.0 - - [12/May/2023:10:09:53 +0200] "GET /grafik/goldmann-logo3.jpg HTTP/1.1" 200 32913 www.footstools.de "-" "Mozilla/5.0 (compatible; AhrefsBot/7.0; +http://ahrefs.com/robot/)" "-"
54.36.148.0 - - [12/May/2023:10:09:54 +0200] "GET /images/startseite/coverbeach_cut.jpg HTTP/1.1" 200 213008 www.footstools.de "-" "Mozilla/5.0 (compatible; AhrefsBot/7.0; +http://ahrefs.com/robot/)" "-"
54.36.149.0 - - [12/May/2023:10:09:54 +0200] "GET /grafik/mail-button-oben.jpg HTTP/1.1" 200 1942 www.footstools.de "-" "Mozilla/5.0 (compatible; AhrefsBot/7.0; +http://ahrefs.com/robot/)" "-"
54.36.148.0 - - [12/May/2023:10:09:55 +0200] "GET /images/monogramm-mini.jpg HTTP/1.1" 200 150957 www.footstools.de "-" "Mozilla/5.0 (compatible; AhrefsBot/7.0; +http://ahrefs.com/robot/)" "-"
85.25.185.0 - - [12/May/2023:10:20:12 +0200] "GET /robots.txt HTTP/1.1" 404 1271 www.footstools.de "-" "Mozilla/5.0 (Macintosh; Intel Mac OS X 10.15; rv:103.0) Gecko/20100101 Firefox/103.0" "-"
85.25.185.0 - - [12/May/2023:10:20:12 +0200] "GET /stoffe/maritim/lighthouse.html HTTP/1.1" 200 4496 www.footstools.de "-" "Mozilla/5.0 (Macintosh; Intel Mac OS X 10.15; rv:103.0) Gecko/20100101 Firefox/103.0" "-"
85.25.185.0 - - [12/May/2023:10:42:38 +0200] "GET /robots.txt HTTP/1.1" 404 1271 www.footstools.de "-" "Mozilla/5.0 (Macintosh; Intel Mac OS X 10.15; rv:103.0) Gecko/20100101 Firefox/103.0" "-"
85.25.185.0 - - [12/May/2023:10:42:38 +0200] "GET /sitemap.xml HTTP/1.1" 404 1271 www.footstools.de "-" "Mozilla/5.0 (Macintosh; Intel Mac OS X 10.15; rv:103.0) Gecko/20100101 Firefox/103.0" "-"
85.25.185.0 - - [12/May/2023:10:47:48 +0200] "GET /stoffe/pferde/osborne.html HTTP/1.1" 200 4383 www.footstools.de "-" "Mozilla/5.0 (Macintosh; Intel Mac OS X 10.15; rv:103.0) Gecko/20100101 Firefox/103.0" "-"
85.25.185.0 - - [12/May/2023:11:03:49 +0200] "GET /robots.txt HTTP/1.1" 404 1271 www.footstools.de "-" "Mozilla/5.0 (Macintosh; Intel Mac OS X 10.15; rv:103.0) Gecko/20100101 Firefox/103.0" "-"
85.25.185.0 - - [12/May/2023:11:03:50 +0200] "GET /versand.html HTTP/1.1" 200 4613 www.footstools.de "-" "Mozilla/5.0 (Macintosh; Intel Mac OS X 10.15; rv:103.0) Gecko/20100101 Firefox/103.0" "-"
85.25.185.0 - - [12/May/2023:11:05:21 +0200] "GET /stoffe/pferde/kentucky.html HTTP/1.1" 200 4602 www.footstools.de "-" "Mozilla/5.0 (Macintosh; Intel Mac OS X 10.15; rv:103.0) Gecko/20100101 Firefox/103.0" "-"
45.89.196.0 - - [12/May/2023:11:15:42 +0200] "GET / HTTP/1.1" 200 4799 footstools.de "-" "Mozilla/5.0 (Windows NT 6.1; WOW64) AppleWebKit/537.36 (KHTML, like Gecko) Chrome/83.0.4103.97 Safari/537.36" "-"
54.36.148.0 - - [12/May/2023:11:18:40 +0200] "GET /stoffe/blau/hochzeitsfarn.html HTTP/1.1" 200 4382 footstools.de "-" "Mozilla/5.0 (compatible; AhrefsBot/7.0; +http://ahrefs.com/robot/)" "-"
109.43.178.0 - - [12/May/2023:11:26:52 +0200] "GET / HTTP/1.1" 200 4799 www.footstools.de "-" "Mozilla/5.0 (iPhone; CPU iPhone OS 15_7_3 like Mac OS X) AppleWebKit/605.1.15 (KHTML, like Gecko) Version/15.6.4 Mobile/15E148 Safari/604.1" "-"
114.119.132.0 - - [12/May/2023:11:31:17 +0200] "GET /city/alpine.html HTTP/1.1" 200 4345 www.footstools.de "http://www.footstools.de/city-forum.html" "Mozilla/5.0 (Linux; Android 7.0;) AppleWebKit/537.36 (KHTML, like Gecko) Mobile Safari/537.36 (compatible; PetalBot;+https://webmaster.petalsearch.com/site/petalbot)" "-"
85.25.185.0 - - [12/May/2023:11:40:57 +0200] "GET /robots.txt HTTP/1.1" 404 1271 www.footstools.de "-" "Mozilla/5.0 (Macintosh; Intel Mac OS X 10.15; rv:103.0) Gecko/20100101 Firefox/103.0" "-"
85.25.185.0 - - [12/May/2023:11:40:57 +0200] "GET /stoffe/jagd/hunters_row.html HTTP/1.1" 200 4502 www.footstools.de "-" "Mozilla/5.0 (Macintosh; Intel Mac OS X 10.15; rv:103.0) Gecko/20100101 Firefox/103.0" "-"
85.25.185.0 - - [12/May/2023:11:42:23 +0200] "GET /stoffe/beige/fancy_dogs.html HTTP/1.1" 200 4578 www.footstools.de "-" "Mozilla/5.0 (Macintosh; Intel Mac OS X 10.15; rv:103.0) Gecko/20100101 Firefox/103.0" "-"
85.25.185.0 - - [12/May/2023:11:43:47 +0200] "GET /stoffe/jagd/countrychicken.html HTTP/1.1" 200 4506 www.footstools.de "-" "Mozilla/5.0 (Macintosh; Intel Mac OS X 10.15; rv:103.0) Gecko/20100101 Firefox/103.0" "-"
85.25.185.0 - - [12/May/2023:11:48:01 +0200] "GET /robots.txt HTTP/1.1" 404 1271 www.footstools.de "-" "Mozilla/5.0 (Macintosh; Intel Mac OS X 10.15; rv:103.0) Gecko/20100101 Firefox/103.0" "-"
85.25.185.0 - - [12/May/2023:11:48:01 +0200] "GET /stoffe/beige/ivoryclassic.html HTTP/1.1" 200 4366 www.footstools.de "-" "Mozilla/5.0 (Macintosh; Intel Mac OS X 10.15; rv:103.0) Gecko/20100101 Firefox/103.0" "-"
62.138.6.0 - - [12/May/2023:11:52:53 +0200] "GET /images/stoffe/beige/beige-maxi/ivoryclassic.jpg HTTP/1.1" 200 95949 www.footstools.de "-" "Mozilla/5.0 (Macintosh; Intel Mac OS X 10.15; rv:103.0) Gecko/20100101 Firefox/103.0" "-"
85.25.185.0 - - [12/May/2023:11:53:06 +0200] "GET /stoffe/beige/inverness.html HTTP/1.1" 301 260 www.footstools.de "-" "Mozilla/5.0 (Macintosh; Intel Mac OS X 10.15; rv:103.0) Gecko/20100101 Firefox/103.0" "-"
85.25.185.0 - - [12/May/2023:12:09:56 +0200] "GET /robots.txt HTTP/1.1" 404 1271 www.footstools.de "-" "Mozilla/5.0 (Macintosh; Intel Mac OS X 10.15; rv:103.0) Gecko/20100101 Firefox/103.0" "-"
85.25.185.0 - - [12/May/2023:12:09:56 +0200] "GET /stoffe/beige/emporio.html HTTP/1.1" 200 4462 www.footstools.de "-" "Mozilla/5.0 (Macintosh; Intel Mac OS X 10.15; rv:103.0) Gecko/20100101 Firefox/103.0" "-"
85.25.185.0 - - [12/May/2023:12:15:18 +0200] "GET /stoffe/beige/charlotte.html HTTP/1.1" 200 4361 www.footstools.de "-" "Mozilla/5.0 (Macintosh; Intel Mac OS X 10.15; rv:103.0) Gecko/20100101 Firefox/103.0" "-"
85.25.185.0 - - [12/May/2023:12:20:25 +0200] "GET /stoffe/beige/alice.html HTTP/1.1" 200 4466 www.footstools.de "-" "Mozilla/5.0 (Macintosh; Intel Mac OS X 10.15; rv:103.0) Gecko/20100101 Firefox/103.0" "-"
116.110.40.0 - - [12/May/2023:12:25:43 +0200] "GET / HTTP/1.1" 200 4799 www.footstools.de "-" "Mozilla/5.0 (Macintosh; Intel Mac OS X 10_15_7) AppleWebKit/537.36 (KHTML, like Gecko) Chrome/111.0.5563.64 Safari/537.36" "-"
54.36.149.0 - - [12/May/2023:12:26:30 +0200] "GET /city/elephanttrail.html HTTP/1.1" 200 4685 footstools.de "-" "Mozilla/5.0 (compatible; AhrefsBot/7.0; +http://ahrefs.com/robot/)" "-"
54.36.149.0 - - [12/May/2023:12:26:34 +0200] "GET /images/city/city-maxi/elephanttrail3.jpg HTTP/1.1" 200 212901 footstools.de "-" "Mozilla/5.0 (compatible; AhrefsBot/7.0; +http://ahrefs.com/robot/)" "-"
54.36.148.0 - - [12/May/2023:12:26:34 +0200] "GET /images/city/city-maxi/elephanttrail.jpg HTTP/1.1" 200 241168 footstools.de "-" "Mozilla/5.0 (compatible; AhrefsBot/7.0; +http://ahrefs.com/robot/)" "-"
85.25.185.0 - - [12/May/2023:12:30:00 +0200] "GET /robots.txt HTTP/1.1" 404 1271 www.footstools.de "-" "Mozilla/5.0 (Macintosh; Intel Mac OS X 10.15; rv:103.0) Gecko/20100101 Firefox/103.0" "-"
85.25.185.0 - - [12/May/2023:12:30:00 +0200] "GET /stoffe/beige/kaprun.html HTTP/1.1" 200 4355 www.footstools.de "-" "Mozilla/5.0 (Macintosh; Intel Mac OS X 10.15; rv:103.0) Gecko/20100101 Firefox/103.0" "-"
85.25.185.0 - - [12/May/2023:12:35:38 +0200] "GET /stoffe/jagd/florentine2.html HTTP/1.1" 200 4369 www.footstools.de "-" "Mozilla/5.0 (Macintosh; Intel Mac OS X 10.15; rv:103.0) Gecko/20100101 Firefox/103.0" "-"
114.119.138.0 - - [12/May/2023:12:55:14 +0200] "GET /city/affront.html HTTP/1.1" 200 4615 www.footstools.de "http://www.footstools.de/city-forum.html" "Mozilla/5.0 (Linux; Android 7.0;) AppleWebKit/537.36 (KHTML, like Gecko) Mobile Safari/537.36 (compatible; PetalBot;+https://webmaster.petalsearch.com/site/petalbot)" "-"
52.144.45.0 - - [12/May/2023:12:55:17 +0200] "GET / HTTP/1.1" 200 4799 footstools.de "-" "Mozilla/5.0 (Windows NT 10.0; Win64; x64) AppleWebKit/537.36 (KHTML, like Gecko) Chrome/95.0.4638.69 Safari/537.36" "-"
52.144.45.0 - - [12/May/2023:12:55:17 +0200] "GET /wp-includes/ID3/license.txt HTTP/1.1" 404 1271 footstools.de "-" "Mozilla/5.0 (Windows NT 10.0; Win64; x64) AppleWebKit/537.36 (KHTML, like Gecko) Chrome/95.0.4638.69 Safari/537.36" "-"
52.144.45.0 - - [12/May/2023:12:55:17 +0200] "GET /feed/ HTTP/1.1" 404 1271 footstools.de "-" "Mozilla/5.0 (Windows NT 10.0; Win64; x64) AppleWebKit/537.36 (KHTML, like Gecko) Chrome/95.0.4638.69 Safari/537.36" "-"
52.144.45.0 - - [12/May/2023:12:55:17 +0200] "GET /xmlrpc.php?rsd HTTP/1.1" 404 1271 footstools.de "-" "Mozilla/5.0 (Windows NT 10.0; Win64; x64) AppleWebKit/537.36 (KHTML, like Gecko) Chrome/95.0.4638.69 Safari/537.36" "-"
52.144.45.0 - - [12/May/2023:12:55:17 +0200] "GET /blog/wp-includes/wlwmanifest.xml HTTP/1.1" 404 1271 footstools.de "-" "Mozilla/5.0 (Windows NT 10.0; Win64; x64) AppleWebKit/537.36 (KHTML, like Gecko) Chrome/95.0.4638.69 Safari/537.36" "-"
52.144.45.0 - - [12/May/2023:12:55:17 +0200] "GET /web/wp-includes/wlwmanifest.xml HTTP/1.1" 404 1271 footstools.de "-" "Mozilla/5.0 (Windows NT 10.0; Win64; x64) AppleWebKit/537.36 (KHTML, like Gecko) Chrome/95.0.4638.69 Safari/537.36" "-"
52.144.45.0 - - [12/May/2023:12:55:17 +0200] "GET /wordpress/wp-includes/wlwmanifest.xml HTTP/1.1" 404 1271 footstools.de "-" "Mozilla/5.0 (Windows NT 10.0; Win64; x64) AppleWebKit/537.36 (KHTML, like Gecko) Chrome/95.0.4638.69 Safari/537.36" "-"
52.144.45.0 - - [12/May/2023:12:55:17 +0200] "GET /wp/wp-includes/wlwmanifest.xml HTTP/1.1" 404 1271 footstools.de "-" "Mozilla/5.0 (Windows NT 10.0; Win64; x64) AppleWebKit/537.36 (KHTML, like Gecko) Chrome/95.0.4638.69 Safari/537.36" "-"
52.144.45.0 - - [12/May/2023:12:55:18 +0200] "GET /2020/wp-includes/wlwmanifest.xml HTTP/1.1" 404 1271 footstools.de "-" "Mozilla/5.0 (Windows NT 10.0; Win64; x64) AppleWebKit/537.36 (KHTML, like Gecko) Chrome/95.0.4638.69 Safari/537.36" "-"
52.144.45.0 - - [12/May/2023:12:55:18 +0200] "GET /2019/wp-includes/wlwmanifest.xml HTTP/1.1" 404 1271 footstools.de "-" "Mozilla/5.0 (Windows NT 10.0; Win64; x64) AppleWebKit/537.36 (KHTML, like Gecko) Chrome/95.0.4638.69 Safari/537.36" "-"
52.144.45.0 - - [12/May/2023:12:55:18 +0200] "GET /2021/wp-includes/wlwmanifest.xml HTTP/1.1" 404 1271 footstools.de "-" "Mozilla/5.0 (Windows NT 10.0; Win64; x64) AppleWebKit/537.36 (KHTML, like Gecko) Chrome/95.0.4638.69 Safari/537.36" "-"
52.144.45.0 - - [12/May/2023:12:55:18 +0200] "GET /shop/wp-includes/wlwmanifest.xml HTTP/1.1" 404 1271 footstools.de "-" "Mozilla/5.0 (Windows NT 10.0; Win64; x64) AppleWebKit/537.36 (KHTML, like Gecko) Chrome/95.0.4638.69 Safari/537.36" "-"
52.144.45.0 - - [12/May/2023:12:55:18 +0200] "GET /wp1/wp-includes/wlwmanifest.xml HTTP/1.1" 404 1271 footstools.de "-" "Mozilla/5.0 (Windows NT 10.0; Win64; x64) AppleWebKit/537.36 (KHTML, like Gecko) Chrome/95.0.4638.69 Safari/537.36" "-"
52.144.45.0 - - [12/May/2023:12:55:18 +0200] "GET /test/wp-includes/wlwmanifest.xml HTTP/1.1" 404 1271 footstools.de "-" "Mozilla/5.0 (Windows NT 10.0; Win64; x64) AppleWebKit/537.36 (KHTML, like Gecko) Chrome/95.0.4638.69 Safari/537.36" "-"
52.144.45.0 - - [12/May/2023:12:55:18 +0200] "GET /site/wp-includes/wlwmanifest.xml HTTP/1.1" 404 1271 footstools.de "-" "Mozilla/5.0 (Windows NT 10.0; Win64; x64) AppleWebKit/537.36 (KHTML, like Gecko) Chrome/95.0.4638.69 Safari/537.36" "-"
52.144.45.0 - - [12/May/2023:12:55:18 +0200] "GET /cms/wp-includes/wlwmanifest.xml HTTP/1.1" 404 1271 footstools.de "-" "Mozilla/5.0 (Windows NT 10.0; Win64; x64) AppleWebKit/537.36 (KHTML, like Gecko) Chrome/95.0.4638.69 Safari/537.36" "-"
85.25.185.0 - - [12/May/2023:12:58:11 +0200] "GET /robots.txt HTTP/1.1" 404 1271 www.footstools.de "-" "Mozilla/5.0 (Macintosh; Intel Mac OS X 10.15; rv:103.0) Gecko/20100101 Firefox/103.0" "-"
85.25.185.0 - - [12/May/2023:12:58:11 +0200] "GET /stoffe/jagd/apassionata.html HTTP/1.1" 301 261 www.footstools.de "-" "Mozilla/5.0 (Macintosh; Intel Mac OS X 10.15; rv:103.0) Gecko/20100101 Firefox/103.0" "-"
85.25.185.0 - - [12/May/2023:13:05:32 +0200] "GET /stoffe/beige/mambogelb.html HTTP/1.1" 200 4462 www.footstools.de "-" "Mozilla/5.0 (Macintosh; Intel Mac OS X 10.15; rv:103.0) Gecko/20100101 Firefox/103.0" "-"
20.191.45.0 - - [12/May/2023:13:17:37 +0200] "GET / HTTP/1.1" 200 4799 www.footstools.de "http://www.footstools.de/" "Mozilla/5.0 (compatible; DuckDuckGo-Favicons-Bot/1.0; +http://duckduckgo.com)" "-"
20.191.45.0 - - [12/May/2023:13:17:37 +0200] "GET /favicon.ico HTTP/1.1" 404 1271 www.footstools.de "http://www.footstools.de/favicon.ico" "Mozilla/5.0 (compatible; DuckDuckGo-Favicons-Bot/1.0; +http://duckduckgo.com)" "-"
85.25.185.0 - - [12/May/2023:13:21:40 +0200] "GET /robots.txt HTTP/1.1" 404 1271 www.footstools.de "-" "Mozilla/5.0 (Macintosh; Intel Mac OS X 10.15; rv:103.0) Gecko/20100101 Firefox/103.0" "-"
85.25.185.0 - - [12/May/2023:13:21:40 +0200] "GET /stoffe/beige/phoenix.html HTTP/1.1" 200 4357 www.footstools.de "-" "Mozilla/5.0 (Macintosh; Intel Mac OS X 10.15; rv:103.0) Gecko/20100101 Firefox/103.0" "-"
85.25.185.0 - - [12/May/2023:13:38:43 +0200] "GET /robots.txt HTTP/1.1" 404 1271 www.footstools.de "-" "Mozilla/5.0 (Macintosh; Intel Mac OS X 10.15; rv:103.0) Gecko/20100101 Firefox/103.0" "-"
85.25.185.0 - - [12/May/2023:13:38:44 +0200] "GET /stoffe/jagd/hubertus.html HTTP/1.1" 200 4591 www.footstools.de "-" "Mozilla/5.0 (Macintosh; Intel Mac OS X 10.15; rv:103.0) Gecko/20100101 Firefox/103.0" "-"
114.119.150.0 - - [12/May/2023:13:40:38 +0200] "GET /stoffe/pferde/racingday.html HTTP/1.1" 200 4488 www.footstools.de "http://www.footstools.de/stoffe/pferde.html" "Mozilla/5.0 (Linux; Android 7.0;) AppleWebKit/537.36 (KHTML, like Gecko) Mobile Safari/537.36 (compatible; PetalBot;+https://webmaster.petalsearch.com/site/petalbot)" "-"
134.96.225.0 - - [12/May/2023:13:42:44 +0200] "GET / HTTP/1.1" 200 4799 www.footstools.de "-" "https://project.cispa.io/perse/wordpress-crawler/" "-"
85.25.185.0 - - [12/May/2023:13:54:40 +0200] "GET /robots.txt HTTP/1.1" 404 1271 www.footstools.de "-" "Mozilla/5.0 (Macintosh; Intel Mac OS X 10.15; rv:103.0) Gecko/20100101 Firefox/103.0" "-"
85.25.185.0 - - [12/May/2023:13:54:40 +0200] "GET /stoffe/jagd/mainau.html HTTP/1.1" 200 4379 www.footstools.de "-" "Mozilla/5.0 (Macintosh; Intel Mac OS X 10.15; rv:103.0) Gecko/20100101 Firefox/103.0" "-"
85.25.185.0 - - [12/May/2023:14:03:44 +0200] "GET /stoffe/jagd/bigisland.html HTTP/1.1" 200 4498 www.footstools.de "-" "Mozilla/5.0 (Macintosh; Intel Mac OS X 10.15; rv:103.0) Gecko/20100101 Firefox/103.0" "-"
54.36.148.0 - - [12/May/2023:14:27:13 +0200] "GET /robots.txt HTTP/1.1" 404 1271 footstools.de "-" "Mozilla/5.0 (compatible; AhrefsBot/7.0; +http://ahrefs.com/robot/)" "-"
54.36.148.0 - - [12/May/2023:14:27:14 +0200] "GET /herstellung2.html HTTP/1.1" 200 4619 footstools.de "-" "Mozilla/5.0 (compatible; AhrefsBot/7.0; +http://ahrefs.com/robot/)" "-"
54.36.148.0 - - [12/May/2023:14:27:15 +0200] "GET /images/herstellung/verzapfung.jpg HTTP/1.1" 200 78346 footstools.de "-" "Mozilla/5.0 (compatible; AhrefsBot/7.0; +http://ahrefs.com/robot/)" "-"
54.36.148.0 - - [12/May/2023:14:27:15 +0200] "GET /images/herstellung/arbeitsraum2_klein.jpg HTTP/1.1" 200 84844 footstools.de "-" "Mozilla/5.0 (compatible; AhrefsBot/7.0; +http://ahrefs.com/robot/)" "-"
54.36.148.0 - - [12/May/2023:14:27:15 +0200] "GET /images/blind.gif HTTP/1.1" 200 156 footstools.de "-" "Mozilla/5.0 (compatible; AhrefsBot/7.0; +http://ahrefs.com/robot/)" "-"
85.25.185.0 - - [12/May/2023:14:31:19 +0200] "GET /robots.txt HTTP/1.1" 404 1271 www.footstools.de "-" "Mozilla/5.0 (Macintosh; Intel Mac OS X 10.15; rv:103.0) Gecko/20100101 Firefox/103.0" "-"
85.25.185.0 - - [12/May/2023:14:31:19 +0200] "GET /stoffe/jagd/paradise_cove.html HTTP/1.1" 200 4491 www.footstools.de "-" "Mozilla/5.0 (Macintosh; Intel Mac OS X 10.15; rv:103.0) Gecko/20100101 Firefox/103.0" "-"
114.119.156.0 - - [12/May/2023:14:39:57 +0200] "GET /robots.txt HTTP/1.1" 404 1271 footstools.de "-" "Mozilla/5.0 (compatible;PetalBot;+https://webmaster.petalsearch.com/site/petalbot)" "-"
188.34.163.0 - - [12/May/2023:15:23:16 +0200] "GET / HTTP/1.1" 200 4799 footstools.de "-" "page-preview-tool Mozilla/5.0 (Windows NT 10.0; Win64; x64) AppleWebKit/537.36 (KHTML, like Gecko) Chrome/80.0.3987.132 Safari/537.36" "-"
188.34.163.0 - - [12/May/2023:15:23:16 +0200] "GET /include/divs.css HTTP/1.1" 200 2100 footstools.de "http://footstools.de/" "page-preview-tool Mozilla/5.0 (Windows NT 10.0; Win64; x64) AppleWebKit/537.36 (KHTML, like Gecko) Chrome/80.0.3987.132 Safari/537.36" "-"
188.34.163.0 - - [12/May/2023:15:23:16 +0200] "GET /include/text.css HTTP/1.1" 200 6861 footstools.de "http://footstools.de/" "page-preview-tool Mozilla/5.0 (Windows NT 10.0; Win64; x64) AppleWebKit/537.36 (KHTML, like Gecko) Chrome/80.0.3987.132 Safari/537.36" "-"
143.110.164.0 - - [12/May/2023:15:50:56 +0200] "GET /wp-includes/wlwmanifest.xml HTTP/1.1" 404 1271 footstools.de "-" "Apache/2.4.34 (Ubuntu) OpenSSL/1.1.1 (internal dummy connection)" "-"
54.36.149.0 - - [12/May/2023:16:05:37 +0200] "GET / HTTP/1.1" 200 4799 footstools.de "-" "Mozilla/5.0 (compatible; AhrefsBot/7.0; +http://ahrefs.com/robot/)" "-"
85.25.185.0 - - [12/May/2023:16:09:12 +0200] "GET /robots.txt HTTP/1.1" 404 1271 www.footstools.de "-" "Mozilla/5.0 (Macintosh; Intel Mac OS X 10.15; rv:103.0) Gecko/20100101 Firefox/103.0" "-"
85.25.185.0 - - [12/May/2023:16:09:12 +0200] "GET /stoffe/jagd/hawaii.html HTTP/1.1" 200 4360 www.footstools.de "-" "Mozilla/5.0 (Macintosh; Intel Mac OS X 10.15; rv:103.0) Gecko/20100101 Firefox/103.0" "-"
52.167.144.0 - - [12/May/2023:16:17:11 +0200] "GET /stoffe/beige/rianah.html HTTP/1.1" 200 4352 www.footstools.de "-" "Mozilla/5.0 AppleWebKit/537.36 (KHTML, like Gecko; compatible; bingbot/2.0; +http://www.bing.com/bingbot.htm) Chrome/103.0.5060.134 Safari/537.36" "-"
163.172.255.0 - - [12/May/2023:16:22:49 +0200] "GET /wp-content/updates.php HTTP/1.1" 404 1271 www.footstools.de "www.google.com" "Mozlila/5.0 (Linux; Android 7.0; SM-G892A Bulid/NRD90M; wv) AppleWebKit/537.36 (KHTML, like Gecko) Version/4.0 Chrome/60.0.3112.107 Moblie Safari/537.36" "-"
40.77.167.0 - - [12/May/2023:16:32:04 +0200] "GET /stoffe/beige/racine.html HTTP/1.1" 200 4464 www.footstools.de "-" "Mozilla/5.0 AppleWebKit/537.36 (KHTML, like Gecko; compatible; bingbot/2.0; +http://www.bing.com/bingbot.htm) Chrome/103.0.5060.134 Safari/537.36" "-"
40.77.167.0 - - [12/May/2023:16:36:35 +0200] "GET /stoffe/jagd/dianas-hunt-blue.html HTTP/1.1" 200 4510 www.footstools.de "-" "Mozilla/5.0 AppleWebKit/537.36 (KHTML, like Gecko; compatible; bingbot/2.0; +http://www.bing.com/bingbot.htm) Chrome/103.0.5060.134 Safari/537.36" "-"
